UPGRADE: previous seed and explicit previous host loaded

21:49:39.283 [info] hot-patched anf: 3 beams, 3 modules emitted, 13519ms

21:49:44.998 [info] hot-patched lower: 3 beams, 3 modules emitted, 5713ms
UPGRADE: canonical module consumer ready
UPGRADE: direct producer ready; definition store canonicalized
UPGRADE: canonical host consumers loaded

21:53:06.844 [info] hot-patched compiler2: 3 beams, 3 modules emitted, 106388ms

21:53:49.105 [info] hot-patched compiler: 2 beams, 2 modules emitted, 42261ms

21:54:04.193 [info] hot-patched anf: 3 beams, 3 modules emitted, 15087ms
UPGRADE: complete canonical generation emitted

21:54:14.916 [info] hot-patched lower: 3 beams, 3 modules emitted, 10723ms
GENERATION_RECEIPT: %{
  loaded: %{
    modules: %{
      "Elixir.BeamLisp.Ns.Anf" => %{
        loaded_md5: "85682b72ca79c40c5082d016e84972b4",
        object_code: %{
          path: "/tmp/bl_upgrade_seed_1066/Elixir.BeamLisp.Ns.Anf.beam",
          sha256: "8936c66f7aa5185bfaf91f596c28b2c8d279ec2279a39ed240838bddde0bcf3d",
          matches_loaded: false
        }
      },
      "Elixir.BeamLisp.Ns.Compiler2" => %{
        loaded_md5: "71f3f4800c0106b20cb2757720938e59",
        object_code: %{
          path: "/tmp/bl_upgrade_seed_1066/Elixir.BeamLisp.Ns.Compiler2.beam",
          sha256: "8024f459e7c21755c8469c62a9342624c382a86b057c7924682b4852c42e55df",
          matches_loaded: false
        }
      },
      "Elixir.BeamLisp.Ns.Lower" => %{
        loaded_md5: "03d54cf91fa6fc0be0ee73bbbcbdaf43",
        object_code: %{
          path: "/tmp/bl_upgrade_seed_1066/Elixir.BeamLisp.Ns.Lower.beam",
          sha256: "46f26836331e8a0ca16d146b3a0fe6d0218ac2ac70fe03d3f5575fccda6d8d4c",
          matches_loaded: false
        }
      }
    }
  },
  cache: %{enabled: true, mode: "fallback", directory: nil},
  build: %{aot_backend: "core", mix_env: "test"},
  seed: %{
    path: "/home/user/code/undefine/beam-lisp/_build/test/lib/beam_lisp/priv/bootstrap/seed/manifest.exs",
    manifest_sha256: "a2fee80ac000a50e7558135f6910832d8df9ad380c48bc6c0751654564978195"
  },
  source: %{
    codegen_key: "eb74416a295e1a7c24864721da0fa20bbc4c9554b2ec6ba33b159c640517eb83",
    memoized_codegen_key: "a4e38480ba520f1b2553c13d68e4b7afe692c20a7179dca9337bf719720e0be0"
  },
  hotpatched_namespaces: ["anf", "compiler", "compiler2", "lower"]
}
Running ExUnit with seed: 514599, max_cases: 8

..........................................................
Finished in 4.0 seconds (0.00s async, 4.0s sync)

Result: 58 passed
CANONICAL_TEST_RESULT: %{total: 58, failures: 0, excluded: 0, skipped: 0}

Testing core-aot.test

Ran 6 tests containing 16 assertions.
0 failures, 0 errors.

Testing core-aot.test

Ran 6 tests containing 16 assertions.
0 failures, 0 errors.
MODULE_CONTRACT_RESULT: %{error: 0, pass: 16, fail: 0, tests: 6}
