BOOTSTRAP_STAGE: /tmp/bl_upgrade_seed_I0xEcilZdOIV-NJ8
UPGRADE: previous seed and explicit previous host loaded

00:08:54.556 [info] hot-patched anf: 3 beams, 3 modules emitted, 6086ms

00:09:00.693 [info] hot-patched lower: 3 beams, 3 modules emitted, 6134ms
UPGRADE: canonical module consumer ready
UPGRADE: direct producer ready; definition store canonicalized
UPGRADE: canonical host consumers loaded

00:12:59.650 [info] hot-patched compiler2: 3 beams, 3 modules emitted, 137875ms

00:13:57.834 [info] hot-patched compiler: 2 beams, 2 modules emitted, 58184ms

00:14:16.715 [info] hot-patched anf: 3 beams, 3 modules emitted, 18878ms

00:14:29.731 [info] hot-patched lower: 3 beams, 3 modules emitted, 13016ms
COMPILER_RETENTION: %{
  generation: :baseline,
  batch: 1,
  elapsed_us: 167276,
  memo: %{retained_bytes: 67064, live_cells: 28, pending_reclaims: 0},
  fixture: :small,
  units: 10,
  process_memory: {:memory, 316992},
  vm_memory: [
    total: 273486072,
    processes: 178966432,
    processes_used: 178958880,
    system: 94519640,
    atom: 1158696,
    atom_used: 1158696,
    binary: 959176,
    code: 24552023,
    ets: 11221688
  ],
  lazy_registrations: {BeamLisp.LazySeq, 1630,
   [{{BeamLisp.LazySeq, :new, 1}, 1630}]},
  loaded_module_delta: 1
}
COMPILER_RETENTION: %{
  generation: :baseline,
  batch: 2,
  elapsed_us: 180335,
  memo: %{retained_bytes: 7072, live_cells: 6, pending_reclaims: 0},
  fixture: :small,
  units: 10,
  process_memory: {:memory, 319872},
  vm_memory: [
    total: 274046904,
    processes: 180008912,
    processes_used: 180001360,
    system: 94037992,
    atom: 1158869,
    atom_used: 1158869,
    binary: 973720,
    code: 24574615,
    ets: 11226024
  ],
  lazy_registrations: {BeamLisp.LazySeq, 1630,
   [{{BeamLisp.LazySeq, :new, 1}, 1630}]},
  loaded_module_delta: 0
}
COMPILER_RETENTION: %{
  generation: :baseline,
  batch: 3,
  elapsed_us: 160634,
  memo: %{retained_bytes: 49072, live_cells: 57, pending_reclaims: 0},
  fixture: :small,
  units: 10,
  process_memory: {:memory, 322752},
  vm_memory: [
    total: 285433232,
    processes: 190839864,
    processes_used: 190832312,
    system: 94593368,
    atom: 1158869,
    atom_used: 1158869,
    binary: 960912,
    code: 24574615,
    ets: 11226024
  ],
  lazy_registrations: {BeamLisp.LazySeq, 1630,
   [{{BeamLisp.LazySeq, :new, 1}, 1630}]},
  loaded_module_delta: 0
}
COMPILER_RETENTION: %{
  generation: :baseline,
  batch: 1,
  elapsed_us: 1187750,
  memo: %{retained_bytes: 368640, live_cells: 18, pending_reclaims: 0},
  fixture: :large,
  units: 10,
  process_memory: {:memory, 359408},
  vm_memory: [
    total: 281751848,
    processes: 187182736,
    processes_used: 187175184,
    system: 94569112,
    atom: 1159236,
    atom_used: 1159236,
    binary: 954328,
    code: 24574615,
    ets: 11226024
  ],
  lazy_registrations: {BeamLisp.LazySeq, 13910,
   [{{BeamLisp.LazySeq, :new, 1}, 13910}]},
  loaded_module_delta: 0
}
COMPILER_RETENTION: %{
  generation: :baseline,
  batch: 2,
  elapsed_us: 1232721,
  memo: %{retained_bytes: 368640, live_cells: 18, pending_reclaims: 0},
  fixture: :large,
  units: 10,
  process_memory: {:memory, 362288},
  vm_memory: [
    total: 281408056,
    processes: 187347856,
    processes_used: 187340304,
    system: 94060200,
    atom: 1159236,
    atom_used: 1159236,
    binary: 954976,
    code: 24574615,
    ets: 11226024
  ],
  lazy_registrations: {BeamLisp.LazySeq, 13910,
   [{{BeamLisp.LazySeq, :new, 1}, 13910}]},
  loaded_module_delta: 0
}
COMPILER_RETENTION: %{
  generation: :baseline,
  batch: 3,
  elapsed_us: 1170209,
  memo: %{retained_bytes: 291792, live_cells: 14, pending_reclaims: 0},
  fixture: :large,
  units: 10,
  process_memory: {:memory, 365168},
  vm_memory: [
    total: 282010952,
    processes: 187429848,
    processes_used: 187422296,
    system: 94581104,
    atom: 1159236,
    atom_used: 1159236,
    binary: 955032,
    code: 24574615,
    ets: 11226024
  ],
  lazy_registrations: {BeamLisp.LazySeq, 13910,
   [{{BeamLisp.LazySeq, :new, 1}, 13910}]},
  loaded_module_delta: 0
}
RETENTION_GENERATION_baseline: %{
  loaded: %{
    modules: %{
      "Elixir.BeamLisp.Ns.Anf" => %{
        loaded_md5: "eeba4f5553f3322c2c00e3b99ea0aec7",
        object_code: %{
          path: "/tmp/bl_upgrade_seed_I0xEcilZdOIV-NJ8/Elixir.BeamLisp.Ns.Anf.beam",
          sha256: "8936c66f7aa5185bfaf91f596c28b2c8d279ec2279a39ed240838bddde0bcf3d",
          matches_loaded: false
        }
      },
      "Elixir.BeamLisp.Ns.Compiler2" => %{
        loaded_md5: "5b9b46b61ade0093eabefd89d2d26ac0",
        object_code: %{
          path: "/tmp/bl_upgrade_seed_I0xEcilZdOIV-NJ8/Elixir.BeamLisp.Ns.Compiler2.beam",
          sha256: "8024f459e7c21755c8469c62a9342624c382a86b057c7924682b4852c42e55df",
          matches_loaded: false
        }
      },
      "Elixir.BeamLisp.Ns.Lower" => %{
        loaded_md5: "bbf6e4141f77808536fce873d584aa55",
        object_code: %{
          path: "/tmp/bl_upgrade_seed_I0xEcilZdOIV-NJ8/Elixir.BeamLisp.Ns.Lower.beam",
          sha256: "46f26836331e8a0ca16d146b3a0fe6d0218ac2ac70fe03d3f5575fccda6d8d4c",
          matches_loaded: false
        }
      }
    }
  },
  cache: %{enabled: true, mode: "fallback", directory: nil},
  build: %{aot_backend: "core", mix_env: "test"},
  seed: %{
    path: "/home/user/code/undefine/beam-lisp/_build/test/lib/beam_lisp/priv/bootstrap/seed/manifest.exs",
    manifest_sha256: "a2fee80ac000a50e7558135f6910832d8df9ad380c48bc6c0751654564978195"
  },
  source: %{
    codegen_key: "28c27bc918d8a1bce0bf56963c9c68269b7a5ccb0c03740b866d9162cf506f42",
    memoized_codegen_key: "28c27bc918d8a1bce0bf56963c9c68269b7a5ccb0c03740b866d9162cf506f42"
  },
  hotpatched_namespaces: ["anf", "compiler", "compiler2", "lower"]
}

00:16:37.251 [info] hot-patched compiler2: 3 beams, 3 modules emitted, 123010ms

00:17:19.897 [info] hot-patched compiler: 2 beams, 2 modules emitted, 42646ms

00:17:28.024 [info] hot-patched anf: 3 beams, 3 modules emitted, 8126ms

00:17:32.217 [info] hot-patched lower: 3 beams, 3 modules emitted, 4193ms
COMPILER_RETENTION: %{
  generation: :eager,
  batch: 1,
  elapsed_us: 22234,
  memo: %{retained_bytes: 183720, live_cells: 11, pending_reclaims: 26},
  fixture: :small,
  units: 10,
  process_memory: {:memory, 522480},
  vm_memory: [
    total: 393915712,
    processes: 292655088,
    processes_used: 292647320,
    system: 101260624,
    atom: 1222416,
    atom_used: 1222416,
    binary: 715256,
    code: 26594743,
    ets: 11457856
  ],
  lazy_registrations: {BeamLisp.LazySeq, 0, []},
  loaded_module_delta: 0
}
COMPILER_RETENTION: %{
  generation: :eager,
  batch: 2,
  elapsed_us: 21035,
  memo: %{retained_bytes: 0, live_cells: 0, pending_reclaims: 0},
  fixture: :small,
  units: 10,
  process_memory: {:memory, 525360},
  vm_memory: [
    total: 397011056,
    processes: 295765296,
    processes_used: 295757528,
    system: 101245760,
    atom: 1222416,
    atom_used: 1222416,
    binary: 702984,
    code: 26594743,
    ets: 11457856
  ],
  lazy_registrations: {BeamLisp.LazySeq, 0, []},
  loaded_module_delta: 0
}
COMPILER_RETENTION: %{
  generation: :eager,
  batch: 3,
  elapsed_us: 21270,
  memo: %{retained_bytes: 0, live_cells: 0, pending_reclaims: 0},
  fixture: :small,
  units: 10,
  process_memory: {:memory, 528240},
  vm_memory: [
    total: 397735408,
    processes: 295930416,
    processes_used: 295922648,
    system: 101804992,
    atom: 1222416,
    atom_used: 1222416,
    binary: 701152,
    code: 26594743,
    ets: 11457856
  ],
  lazy_registrations: {BeamLisp.LazySeq, 0, []},
  loaded_module_delta: 0
}
COMPILER_RETENTION: %{
  generation: :eager,
  batch: 1,
  elapsed_us: 148718,
  memo: %{retained_bytes: 0, live_cells: 0, pending_reclaims: 0},
  fixture: :large,
  units: 10,
  process_memory: {:memory, 564896},
  vm_memory: [
    total: 394842792,
    processes: 293584160,
    processes_used: 293576392,
    system: 101258632,
    atom: 1222416,
    atom_used: 1222416,
    binary: 700736,
    code: 26594743,
    ets: 11457856
  ],
  lazy_registrations: {BeamLisp.LazySeq, 0, []},
  loaded_module_delta: 0
}
COMPILER_RETENTION: %{
  generation: :eager,
  batch: 2,
  elapsed_us: 145330,
  memo: %{retained_bytes: 0, live_cells: 0, pending_reclaims: 0},
  fixture: :large,
  units: 10,
  process_memory: {:memory, 567776},
  vm_memory: [
    total: 398114992,
    processes: 296294784,
    processes_used: 296287016,
    system: 101820208,
    atom: 1222416,
    atom_used: 1222416,
    binary: 701056,
    code: 26594743,
    ets: 11457856
  ],
  lazy_registrations: {BeamLisp.LazySeq, 0, []},
  loaded_module_delta: 0
}
COMPILER_RETENTION: %{
  generation: :eager,
  batch: 3,
  elapsed_us: 145492,
  memo: %{retained_bytes: 0, live_cells: 0, pending_reclaims: 0},
  fixture: :large,
  units: 10,
  process_memory: {:memory, 570656},
  vm_memory: [
    total: 398287888,
    processes: 296459904,
    processes_used: 296452136,
    system: 101827984,
    atom: 1222416,
    atom_used: 1222416,
    binary: 701632,
    code: 26594743,
    ets: 11457856
  ],
  lazy_registrations: {BeamLisp.LazySeq, 0, []},
  loaded_module_delta: 0
}
RETENTION_GENERATION_eager: %{
  loaded: %{
    modules: %{
      "Elixir.BeamLisp.Ns.Anf" => %{
        loaded_md5: "d42d0a49c5f9292c454c435168090b71",
        object_code: %{
          path: "/tmp/bl_upgrade_seed_I0xEcilZdOIV-NJ8/Elixir.BeamLisp.Ns.Anf.beam",
          sha256: "8936c66f7aa5185bfaf91f596c28b2c8d279ec2279a39ed240838bddde0bcf3d",
          matches_loaded: false
        }
      },
      "Elixir.BeamLisp.Ns.Compiler2" => %{
        loaded_md5: "a40b821a9c7cff20f3340d66c7669569",
        object_code: %{
          path: "/tmp/bl_upgrade_seed_I0xEcilZdOIV-NJ8/Elixir.BeamLisp.Ns.Compiler2.beam",
          sha256: "8024f459e7c21755c8469c62a9342624c382a86b057c7924682b4852c42e55df",
          matches_loaded: false
        }
      },
      "Elixir.BeamLisp.Ns.Lower" => %{
        loaded_md5: "05da12c1e0b4f95415fe8271900709cb",
        object_code: %{
          path: "/tmp/bl_upgrade_seed_I0xEcilZdOIV-NJ8/Elixir.BeamLisp.Ns.Lower.beam",
          sha256: "46f26836331e8a0ca16d146b3a0fe6d0218ac2ac70fe03d3f5575fccda6d8d4c",
          matches_loaded: false
        }
      }
    }
  },
  cache: %{enabled: true, mode: "fallback", directory: nil},
  build: %{aot_backend: "core", mix_env: "test"},
  seed: %{
    path: "/home/user/code/undefine/beam-lisp/_build/test/lib/beam_lisp/priv/bootstrap/seed/manifest.exs",
    manifest_sha256: "a2fee80ac000a50e7558135f6910832d8df9ad380c48bc6c0751654564978195"
  },
  source: %{
    codegen_key: "28c27bc918d8a1bce0bf56963c9c68269b7a5ccb0c03740b866d9162cf506f42",
    memoized_codegen_key: "28c27bc918d8a1bce0bf56963c9c68269b7a5ccb0c03740b866d9162cf506f42"
  },
  hotpatched_namespaces: ["anf", "compiler", "compiler2", "lower"]
}
UPGRADE: complete canonical generation emitted; strict eager helper restored
GENERATION_RECEIPT: %{
  loaded: %{
    modules: %{
      "Elixir.BeamLisp.Ns.Anf" => %{
        loaded_md5: "d42d0a49c5f9292c454c435168090b71",
        object_code: %{
          path: "/tmp/bl_upgrade_seed_I0xEcilZdOIV-NJ8/Elixir.BeamLisp.Ns.Anf.beam",
          sha256: "8936c66f7aa5185bfaf91f596c28b2c8d279ec2279a39ed240838bddde0bcf3d",
          matches_loaded: false
        }
      },
      "Elixir.BeamLisp.Ns.Compiler2" => %{
        loaded_md5: "a40b821a9c7cff20f3340d66c7669569",
        object_code: %{
          path: "/tmp/bl_upgrade_seed_I0xEcilZdOIV-NJ8/Elixir.BeamLisp.Ns.Compiler2.beam",
          sha256: "8024f459e7c21755c8469c62a9342624c382a86b057c7924682b4852c42e55df",
          matches_loaded: false
        }
      },
      "Elixir.BeamLisp.Ns.Lower" => %{
        loaded_md5: "05da12c1e0b4f95415fe8271900709cb",
        object_code: %{
          path: "/tmp/bl_upgrade_seed_I0xEcilZdOIV-NJ8/Elixir.BeamLisp.Ns.Lower.beam",
          sha256: "46f26836331e8a0ca16d146b3a0fe6d0218ac2ac70fe03d3f5575fccda6d8d4c",
          matches_loaded: false
        }
      }
    }
  },
  cache: %{enabled: true, mode: "fallback", directory: nil},
  build: %{aot_backend: "core", mix_env: "test"},
  seed: %{
    path: "/home/user/code/undefine/beam-lisp/_build/test/lib/beam_lisp/priv/bootstrap/seed/manifest.exs",
    manifest_sha256: "a2fee80ac000a50e7558135f6910832d8df9ad380c48bc6c0751654564978195"
  },
  source: %{
    codegen_key: "28c27bc918d8a1bce0bf56963c9c68269b7a5ccb0c03740b866d9162cf506f42",
    memoized_codegen_key: "28c27bc918d8a1bce0bf56963c9c68269b7a5ccb0c03740b866d9162cf506f42"
  },
  hotpatched_namespaces: ["anf", "compiler", "compiler2", "lower"]
}
Running ExUnit with seed: 526171, max_cases: 8



  1) test public compiler matches frozen pre-cutover ANF snapshots including guards (BeamLisp.AnfDirectEmitTest)
     test/beam_lisp/anf_direct_emit_test.exs:24
     ** (File.Error) could not read file "test/fixtures/anf_canonical_corpus/priv_boot_compiler2.bl.etf": no such file or directory
     code: for path <- @files, reduce: [] do
     stacktrace:
       (elixir 1.20.2) lib/file.ex:451: File.read!/2
       test/beam_lisp/anf_direct_emit_test.exs:34: anonymous fn/2 in BeamLisp.AnfDirectEmitTest."test public compiler matches frozen pre-cutover ANF snapshots including guards"/1
       (elixir 1.20.2) lib/enum.ex:2622: Enum."-reduce/3-lists^foldl/2-0-"/3
       test/beam_lisp/anf_direct_emit_test.exs:28: (test)

......................................................................................
Finished in 3.6 seconds (0.00s async, 3.6s sync)

Result: 86/87 passed
Failed: 1 test
CANONICAL_TEST_RESULT: %{total: 87, failures: 1, excluded: 0, skipped: 0}

Testing core-aot.test

Ran 6 tests containing 16 assertions.
0 failures, 0 errors.

Testing anf.test

Ran 7 tests containing 30 assertions.
0 failures, 0 errors.

Testing core-anf.test

Ran 7 tests containing 28 assertions.
0 failures, 0 errors.

Testing core-backend.test

Ran 6 tests containing 29 assertions.
0 failures, 0 errors.

Testing core-switch.test

Ran 3 tests containing 7 assertions.
0 failures, 0 errors.

Testing anf.test

Testing core-switch.test

Testing core-anf.test

Testing core-aot.test

Testing core-backend.test

Ran 29 tests containing 110 assertions.
0 failures, 0 errors.
MODULE_CONTRACT_RESULT: %{error: 0, pass: 110, fail: 0, tests: 29}
