BOOTSTRAP_STAGE: /tmp/bl_upgrade_seed_jI8EJ_ziGGx8iBjm
UPGRADE: previous seed and explicit previous host loaded

01:11:46.332 [info] hot-patched anf: 3 beams, 3 modules emitted, 7523ms

01:11:51.953 [info] hot-patched lower: 3 beams, 3 modules emitted, 5618ms
UPGRADE: canonical module consumer ready
UPGRADE: direct producer ready; definition store canonicalized
UPGRADE: canonical host consumers loaded

01:12:37.388 [info] hot-patched compiler2: 3 beams, 3 modules emitted, 19901ms

01:12:41.417 [info] hot-patched compiler: 2 beams, 2 modules emitted, 4028ms

01:12:45.912 [info] hot-patched anf: 3 beams, 3 modules emitted, 4495ms

01:12:49.893 [info] hot-patched lower: 3 beams, 3 modules emitted, 3980ms
UPGRADE: complete canonical generation emitted; strict eager helper restored
GENERATION_RECEIPT: %{
  loaded: %{
    modules: %{
      "Elixir.BeamLisp.Ns.Anf" => %{
        loaded_md5: "358cb7159e1ce4bdb87faab24178d9b8",
        object_code: %{
          path: "/tmp/bl_upgrade_seed_jI8EJ_ziGGx8iBjm/Elixir.BeamLisp.Ns.Anf.beam",
          sha256: "8936c66f7aa5185bfaf91f596c28b2c8d279ec2279a39ed240838bddde0bcf3d",
          matches_loaded: false
        }
      },
      "Elixir.BeamLisp.Ns.Compiler2" => %{
        loaded_md5: "7781b7c6f74f13d2d95767f9867e613f",
        object_code: %{
          path: "/tmp/bl_upgrade_seed_jI8EJ_ziGGx8iBjm/Elixir.BeamLisp.Ns.Compiler2.beam",
          sha256: "8024f459e7c21755c8469c62a9342624c382a86b057c7924682b4852c42e55df",
          matches_loaded: false
        }
      },
      "Elixir.BeamLisp.Ns.Lower" => %{
        loaded_md5: "f1aca73008ccafd7456b5df149971620",
        object_code: %{
          path: "/tmp/bl_upgrade_seed_jI8EJ_ziGGx8iBjm/Elixir.BeamLisp.Ns.Lower.beam",
          sha256: "46f26836331e8a0ca16d146b3a0fe6d0218ac2ac70fe03d3f5575fccda6d8d4c",
          matches_loaded: false
        }
      }
    }
  },
  cache: %{enabled: true, mode: "fallback", directory: nil},
  build: %{aot_backend: "core", mix_env: "test"},
  seed: %{
    path: "/home/user/code/undefine/beam-lisp/_build/test/lib/beam_lisp/priv/bootstrap/seed/manifest.exs",
    manifest_sha256: "a2fee80ac000a50e7558135f6910832d8df9ad380c48bc6c0751654564978195"
  },
  source: %{
    codegen_key: "4950131e7dadc1d1e5e1c6245d6f984744131dbaf9270a4c7bf337afd69b3901",
    memoized_codegen_key: "4950131e7dadc1d1e5e1c6245d6f984744131dbaf9270a4c7bf337afd69b3901"
  },
  hotpatched_namespaces: ["anf", "compiler", "compiler2", "lower"]
}
COMPILER_RETENTION: %{
  generation: :eager,
  batch: 1,
  elapsed_us: 24510,
  memo: %{retained_bytes: 0, live_cells: 0, pending_reclaims: 0},
  fixture: :small,
  units: 10,
  process_memory: {:memory, 331032},
  vm_memory: [
    total: 291767104,
    processes: 198231680,
    processes_used: 198222536,
    system: 93535424,
    atom: 1167306,
    atom_used: 1167306,
    binary: 656032,
    code: 24859191,
    ets: 11230360
  ],
  lazy_registrations: {BeamLisp.LazySeq, 0, []},
  loaded_module_delta: 1
}
COMPILER_RETENTION: %{
  generation: :eager,
  batch: 2,
  elapsed_us: 22966,
  memo: %{retained_bytes: 0, live_cells: 0, pending_reclaims: 0},
  fixture: :small,
  units: 10,
  process_memory: {:memory, 333912},
  vm_memory: [
    total: 292931504,
    processes: 199369096,
    processes_used: 199359952,
    system: 93562408,
    atom: 1167338,
    atom_used: 1167338,
    binary: 662712,
    code: 24867999,
    ets: 11232568
  ],
  lazy_registrations: {BeamLisp.LazySeq, 0, []},
  loaded_module_delta: 0
}
COMPILER_RETENTION: %{
  generation: :eager,
  batch: 3,
  elapsed_us: 28895,
  memo: %{retained_bytes: 0, live_cells: 0, pending_reclaims: 0},
  fixture: :small,
  units: 10,
  process_memory: {:memory, 336792},
  vm_memory: [
    total: 305209448,
    processes: 211649984,
    processes_used: 211640840,
    system: 93559464,
    atom: 1167338,
    atom_used: 1167338,
    binary: 652568,
    code: 24867999,
    ets: 11232568
  ],
  lazy_registrations: {BeamLisp.LazySeq, 0, []},
  loaded_module_delta: 0
}
COMPILER_RETENTION: %{
  generation: :eager,
  batch: 1,
  elapsed_us: 216513,
  memo: %{retained_bytes: 0, live_cells: 0, pending_reclaims: 0},
  fixture: :large,
  units: 10,
  process_memory: {:memory, 373448},
  vm_memory: [
    total: 301829480,
    processes: 207731048,
    processes_used: 207721904,
    system: 94098432,
    atom: 1167705,
    atom_used: 1167705,
    binary: 651904,
    code: 24867999,
    ets: 11232568
  ],
  lazy_registrations: {BeamLisp.LazySeq, 0, []},
  loaded_module_delta: 0
}
COMPILER_RETENTION: %{
  generation: :eager,
  batch: 2,
  elapsed_us: 212252,
  memo: %{retained_bytes: 0, live_cells: 0, pending_reclaims: 0},
  fixture: :large,
  units: 10,
  process_memory: {:memory, 376328},
  vm_memory: [
    total: 301478776,
    processes: 207895688,
    processes_used: 207886544,
    system: 93583088,
    atom: 1167705,
    atom_used: 1167705,
    binary: 652968,
    code: 24867999,
    ets: 11232568
  ],
  lazy_registrations: {BeamLisp.LazySeq, 0, []},
  loaded_module_delta: 0
}
COMPILER_RETENTION: %{
  generation: :eager,
  batch: 3,
  elapsed_us: 220319,
  memo: %{retained_bytes: 0, live_cells: 0, pending_reclaims: 0},
  fixture: :large,
  units: 10,
  process_memory: {:memory, 379208},
  vm_memory: [
    total: 301650736,
    processes: 208060136,
    processes_used: 208051760,
    system: 93590600,
    atom: 1167705,
    atom_used: 1167705,
    binary: 653288,
    code: 24867999,
    ets: 11232568
  ],
  lazy_registrations: {BeamLisp.LazySeq, 0, []},
  loaded_module_delta: 0
}
RETENTION_GENERATION_eager: %{
  loaded: %{
    modules: %{
      "Elixir.BeamLisp.Ns.Anf" => %{
        loaded_md5: "358cb7159e1ce4bdb87faab24178d9b8",
        object_code: %{
          path: "/tmp/bl_upgrade_seed_jI8EJ_ziGGx8iBjm/Elixir.BeamLisp.Ns.Anf.beam",
          sha256: "8936c66f7aa5185bfaf91f596c28b2c8d279ec2279a39ed240838bddde0bcf3d",
          matches_loaded: false
        }
      },
      "Elixir.BeamLisp.Ns.Compiler2" => %{
        loaded_md5: "7781b7c6f74f13d2d95767f9867e613f",
        object_code: %{
          path: "/tmp/bl_upgrade_seed_jI8EJ_ziGGx8iBjm/Elixir.BeamLisp.Ns.Compiler2.beam",
          sha256: "8024f459e7c21755c8469c62a9342624c382a86b057c7924682b4852c42e55df",
          matches_loaded: false
        }
      },
      "Elixir.BeamLisp.Ns.Lower" => %{
        loaded_md5: "f1aca73008ccafd7456b5df149971620",
        object_code: %{
          path: "/tmp/bl_upgrade_seed_jI8EJ_ziGGx8iBjm/Elixir.BeamLisp.Ns.Lower.beam",
          sha256: "46f26836331e8a0ca16d146b3a0fe6d0218ac2ac70fe03d3f5575fccda6d8d4c",
          matches_loaded: false
        }
      }
    }
  },
  cache: %{enabled: true, mode: "fallback", directory: nil},
  build: %{aot_backend: "core", mix_env: "test"},
  seed: %{
    path: "/home/user/code/undefine/beam-lisp/_build/test/lib/beam_lisp/priv/bootstrap/seed/manifest.exs",
    manifest_sha256: "a2fee80ac000a50e7558135f6910832d8df9ad380c48bc6c0751654564978195"
  },
  source: %{
    codegen_key: "4950131e7dadc1d1e5e1c6245d6f984744131dbaf9270a4c7bf337afd69b3901",
    memoized_codegen_key: "4950131e7dadc1d1e5e1c6245d6f984744131dbaf9270a4c7bf337afd69b3901"
  },
  hotpatched_namespaces: ["anf", "compiler", "compiler2", "lower"]
}
Running ExUnit with seed: 809777, max_cases: 8

.........................................................................................
Finished in 5.5 seconds (0.00s async, 5.5s sync)

Result: 89 passed
CANONICAL_TEST_RESULT: %{total: 89, failures: 0, excluded: 0, skipped: 0}

Testing core-aot.test

Ran 6 tests containing 16 assertions.
0 failures, 0 errors.

Testing anf.test

Ran 7 tests containing 30 assertions.
0 failures, 0 errors.

Testing core-anf.test

Ran 7 tests containing 28 assertions.
0 failures, 0 errors.

Testing core-backend.test

Ran 6 tests containing 29 assertions.
0 failures, 0 errors.

Testing core-switch.test

Ran 3 tests containing 7 assertions.
0 failures, 0 errors.

Testing core-anf.test

Testing core-switch.test

Testing core-backend.test

Testing anf.test

Testing core-aot.test

Ran 29 tests containing 110 assertions.
0 failures, 0 errors.
MODULE_CONTRACT_RESULT: %{error: 0, pass: 110, fail: 0, tests: 29}
