CANONICAL_FLOOR: /home/user/code/undefine/beam-lisp/_build/test/lib/beam_lisp/priv/bootstrap/seed
GENERATION_RECEIPT: %{
  loaded: %{
    modules: %{
      "Elixir.BeamLisp.Ns.Anf" => %{
        loaded_md5: "dffcaeabea6c20b603899862d8d34937",
        object_code: %{
          path: "/tmp/bl_canonical_stage_zv9DVXn0x3IVAEkI/Elixir.BeamLisp.Ns.Anf.beam",
          sha256: "dcc61323c46a0996e61583b80d6161d9b1dab7bf4306dee8905fd822caaaa579",
          matches_loaded: true
        }
      },
      "Elixir.BeamLisp.Ns.Compiler" => %{
        loaded_md5: "d2f85f0f98f57336347ae3f2fb8e8819",
        object_code: %{
          path: "/tmp/bl_canonical_stage_zv9DVXn0x3IVAEkI/Elixir.BeamLisp.Ns.Compiler.beam",
          sha256: "4456c571e118503143447ec901c411d975423865119f0ea7a97e44389c9ba4f1",
          matches_loaded: true
        }
      },
      "Elixir.BeamLisp.Ns.Lower" => %{
        loaded_md5: "2d2c818fba6fc196197aaf80337af7b3",
        object_code: %{
          path: "/tmp/bl_canonical_stage_zv9DVXn0x3IVAEkI/Elixir.BeamLisp.Ns.Lower.beam",
          sha256: "769eeff1ad489e3fb4079d16f3416ad90c9a20399bf6ed0cddfac5fa4c651f61",
          matches_loaded: true
        }
      }
    }
  },
  cache: %{enabled: true, mode: "fallback", directory: nil},
  build: %{aot_backend: "core", mix_env: "test"},
  seed: %{
    path: "/home/user/code/undefine/beam-lisp/_build/test/lib/beam_lisp/priv/bootstrap/seed/manifest.exs",
    manifest_sha256: "a3dbe88f15c58ee80152953e824894702803c91602a7fb0a82f645095c2ea375"
  },
  source: %{
    codegen_key: "241722a693aad77d629802c4ad8acc7552104846d5acc60892ceab5ac3e0d450",
    memoized_codegen_key: "241722a693aad77d629802c4ad8acc7552104846d5acc60892ceab5ac3e0d450"
  },
  hotpatched_namespaces: []
}
DOC_RESULT: %{
  path: "docs/memory-policy/shared-lazy-values.bl.md",
  errors: (),
  ns: "tutorial.shared-lazy",
  cells: 9,
  results: 9
}
DOC_RESULT: %{
  path: "docs/compiler/finite-data.bl.org",
  errors: (),
  ns: nil,
  cells: 4,
  results: 4
}
DOC_RESULT: %{
  path: "docs/compiler/generation.bl.org",
  errors: (),
  ns: "compiler.canonical-vertical",
  cells: 3,
  results: 3
}
DOC_RESULT: %{
  path: "docs/from-source-to-silicon/03-one-ir.bl.org",
  errors: (),
  ns: "demo",
  cells: 3,
  results: 3
}
DOC_RESULT: %{
  path: "docs/dev/executable-changes.bl.org",
  errors: (),
  ns: "guide.dev.changes",
  cells: 1,
  results: 1
}
DOC_RESULT: %{
  path: "examples/dev/change-session.bl.org",
  errors: (),
  ns: nil,
  cells: 1,
  results: 1
}
DOC_REPLAY_IDENTICAL: docs/dev/executable-changes.bl.org
DOC_REPLAY_IDENTICAL: examples/dev/change-session.bl.org
