beam-lisp AOT: building 141 source(s)
  priv/boot/anf.bl
  priv/boot/reader-node.bl
  priv/boot/source-graph.bl
  priv/boot/ns-interface.bl
  priv/boot/build-plan.bl
  priv/boot/build.bl
  priv/boot/lower.bl
  priv/boot/compiler.bl
  priv/boot/core.bl
  priv/boot/data-readers.bl
  priv/boot/reader.bl
  priv/boot/sugar.bl
  priv/bootstrap/nano.bl
  priv/compat/clojure/core_ext.bl
  priv/compat/clojure/re.bl
  priv/lib/auth/biscuit/crypto.bl
  priv/lib/auth/biscuit/codec.bl
  priv/lib/datom/codec.bl
  priv/lib/datom/schema.bl
  priv/lib/datom/store.bl
  priv/lib/datom/query/relation.bl
  priv/lib/datom/vector.bl
  priv/lib/datom/datalog.bl
  priv/lib/auth/strategy.bl
  priv/std/interop.bl
  priv/lib/datom/blob.bl
  priv/lib/datom/file.bl
  priv/lib/minikanren.bl
  priv/lib/smt.bl
  priv/lib/auth/password.bl
  priv/lib/datom/query/prem.bl
  priv/lib/datom/value-codec.bl
  priv/lib/live/diff.bl
  priv/lib/loom/token.bl
  priv/lib/web.bl
  priv/lib/wry.bl
  priv/std/rewrite.bl
  priv/std/specter/engine.bl
  priv/self/anf.bl
  priv/std/bl/cli.bl
  priv/std/bl/doc.bl
  priv/std/bus.bl
  priv/std/clojure/core/async/impl.bl
  priv/std/dev/change.bl
  priv/std/fence.bl
  priv/std/flow.bl
  priv/std/multi.bl
  priv/std/optics.bl
  priv/std/reg.bl
  priv/std/super.bl
  priv/compat/babashka/fs.bl
  priv/compat/clojure/edn.bl
  priv/compat/clojure/java/io.bl
  priv/compat/clojure/io.bl
  priv/compat/clojure/set.bl
  priv/compat/clojure/string.bl
  priv/compat/clojure/walk.bl
  priv/lib/auth/engine/expr.bl
  priv/lib/datom/index.bl
  priv/lib/datom/query/parse.bl
  priv/lib/auth/revocation.bl
  priv/std/env.bl
  priv/lib/datom/blob-ets.bl
  priv/lib/datom/store-overlay.bl
  priv/lib/datom/blob-fs.bl
  priv/lib/datom/blob-overlay.bl
  priv/lib/z3.bl
  priv/lib/datom/blob-s3.bl
  priv/lib/live/hiccup.bl
  priv/lib/loom/box.bl
  priv/std/specter/exec.bl
  priv/lib/system/step.bl
  priv/std/bl/daemon.bl
  priv/std/clojure/core/async.bl
  priv/std/deodorant.bl
  priv/lib/auth/biscuit/datalog.bl
  priv/lib/datom/db.bl
  priv/lib/datom/query/plan.bl
  priv/lib/datom/query/agg.bl
  priv/lib/datom/query/fixpoint.bl
  priv/lib/auth/rls.bl
  priv/lib/datom/store-ets.bl
  priv/lib/datom/tx.bl
  priv/lib/datom/query/magic.bl
  priv/lib/datom/store-fjall.bl
  priv/lib/datom/store-map.bl
  priv/lib/loom/desktop.bl
  priv/lib/loom/ui.bl
  priv/std/specter/navs.bl
  priv/std/bl/doc/html.bl
  priv/lib/datom/query/analytic.bl
  priv/lib/datom/query/rules.bl
  priv/lib/datom/broadcast.bl
  priv/lib/datom/pull.bl
  priv/lib/datom/time.bl
  priv/std/typed.bl
  priv/lib/loom/form.bl
  priv/lib/loom/transform.bl
  priv/lib/datom/query/engine.bl
  priv/lib/datom/conn.bl
  priv/lib/datom/query/relations.bl
  priv/lib/system/footprint.bl
  priv/lib/system/gfp.bl
  priv/std/errors.bl
  priv/lib/system/smt.bl
  priv/std/deferred.bl
  priv/lib/auth/engine/origin.bl
  priv/lib/datom/migrate.bl
  priv/lib/datom/frame.bl
  priv/lib/datom/watch.bl
  priv/std/effects.bl
  priv/lib/system/model.bl
  priv/std/reload.bl
  priv/std/termination.bl
  priv/lib/auth/authorizer.bl
  priv/lib/datom.bl
  priv/lib/live.bl
  priv/lib/system/core.bl
  priv/lib/system/facts.bl
  priv/lib/veritas.bl
  priv/std/reload/monitor.bl
  priv/lib/auth/sandbox.bl
  priv/lib/auth/audit.bl
  priv/lib/live/lint.bl
  priv/lib/system/knowledge.bl
  priv/lib/veritas/mock.bl
  priv/lib/veritas/property.bl
  priv/std/codebase.bl
  priv/std/executor/store.bl
  priv/std/reload/migrate.bl
  priv/std/reload/upgrade.bl
  priv/std/reload/ward.bl
  priv/lib/auth/login.bl
  priv/lib/veritas/fault.bl
  priv/std/promote.bl
  priv/lib/auth.bl
  priv/lib/live/socket.bl
  priv/std/executor/sandbox.bl
  priv/lib/live/app.bl
  priv/std/executor/ssh.bl
  priv/std/test.bl
UNCACHED_BUILD_RESULT: {:ok, []}
